
> backend@0.0.1 start:dev
> nest start --watch

[2J[3J[H[[90m13:58:34[0m] Starting compilation in watch mode...

[[90m13:58:38[0m] Found 0 errors. Watching for file changes.

[32m[Nest] 6020  - [39m31/03/2026 13:58:39 [32m    LOG[39m [38;5;3m[NestFactory] [39m[32mStarting Nest application...[39m
[32m[Nest] 6020  - [39m31/03/2026 13:58:39 [32m    LOG[39m [38;5;3m[InstanceLoader] [39m[32mAppModule dependencies initialized[39m[38;5;3m +15ms[39m
[32m[Nest] 6020  - [39m31/03/2026 13:58:39 [32m    LOG[39m [38;5;3m[InstanceLoader] [39m[32mInfrastructureModule dependencies initialized[39m[38;5;3m +4ms[39m
[32m[Nest] 6020  - [39m31/03/2026 13:58:39 [32m    LOG[39m [38;5;3m[InstanceLoader] [39m[32mApplicationModule dependencies initialized[39m[38;5;3m +2ms[39m
[32m[Nest] 6020  - [39m31/03/2026 13:58:39 [32m    LOG[39m [38;5;3m[InstanceLoader] [39m[32mPresentationModule dependencies initialized[39m[38;5;3m +1ms[39m
[32m[Nest] 6020  - [39m31/03/2026 13:58:39 [32m    LOG[39m [38;5;3m[RoutesResolver] [39m[32mHealthController {/health}:[39m[38;5;3m +4ms[39m
[32m[Nest] 6020  - [39m31/03/2026 13:58:39 [32m    LOG[39m [38;5;3m[RouterExplorer] [39m[32mMapped {/health, GET} route[39m[38;5;3m +4ms[39m
[32m[Nest] 6020  - [39m31/03/2026 13:58:39 [32m    LOG[39m [38;5;3m[RoutesResolver] [39m[32mAuthController {/auth}:[39m[38;5;3m +2ms[39m
[32m[Nest] 6020  - [39m31/03/2026 13:58:39 [32m    LOG[39m [38;5;3m[RouterExplorer] [39m[32mMapped {/auth/setup, GET} route[39m[38;5;3m +1ms[39m
[32m[Nest] 6020  - [39m31/03/2026 13:58:39 [32m    LOG[39m [38;5;3m[RouterExplorer] [39m[32mMapped {/auth/me, GET} route[39m[38;5;3m +2ms[39m
[32m[Nest] 6020  - [39m31/03/2026 13:58:39 [32m    LOG[39m [38;5;3m[RouterExplorer] [39m[32mMapped {/auth/agent-area, GET} route[39m[38;5;3m +2ms[39m
[32m[Nest] 6020  - [39m31/03/2026 13:58:39 [32m    LOG[39m [38;5;3m[RouterExplorer] [39m[32mMapped {/auth/admin-area, GET} route[39m[38;5;3m +1ms[39m
[32m[Nest] 6020  - [39m31/03/2026 13:58:39 [32m    LOG[39m [38;5;3m[RoutesResolver] [39m[32mReferentialsController {/referentials}:[39m[38;5;3m +1ms[39m
[32m[Nest] 6020  - [39m31/03/2026 13:58:39 [32m    LOG[39m [38;5;3m[RouterExplorer] [39m[32mMapped {/referentials, GET} route[39m[38;5;3m +2ms[39m
[32m[Nest] 6020  - [39m31/03/2026 13:58:39 [32m    LOG[39m [38;5;3m[RoutesResolver] [39m[32mAdminReferentialsController {/admin/referentials}:[39m[38;5;3m +1ms[39m
[32m[Nest] 6020  - [39m31/03/2026 13:58:39 [32m    LOG[39m [38;5;3m[RouterExplorer] [39m[32mMapped {/admin/referentials/categories, POST} route[39m[38;5;3m +1ms[39m
[32m[Nest] 6020  - [39m31/03/2026 13:58:39 [32m    LOG[39m [38;5;3m[RouterExplorer] [39m[32mMapped {/admin/referentials/categories/:id, PATCH} route[39m[38;5;3m +2ms[39m
[32m[Nest] 6020  - [39m31/03/2026 13:58:39 [32m    LOG[39m [38;5;3m[RouterExplorer] [39m[32mMapped {/admin/referentials/categories/:id, DELETE} route[39m[38;5;3m +2ms[39m
[32m[Nest] 6020  - [39m31/03/2026 13:58:39 [32m    LOG[39m [38;5;3m[RouterExplorer] [39m[32mMapped {/admin/referentials/channels, POST} route[39m[38;5;3m +3ms[39m
[32m[Nest] 6020  - [39m31/03/2026 13:58:39 [32m    LOG[39m [38;5;3m[RouterExplorer] [39m[32mMapped {/admin/referentials/channels/:id, PATCH} route[39m[38;5;3m +3ms[39m
[32m[Nest] 6020  - [39m31/03/2026 13:58:39 [32m    LOG[39m [38;5;3m[RouterExplorer] [39m[32mMapped {/admin/referentials/channels/:id, DELETE} route[39m[38;5;3m +2ms[39m
[32m[Nest] 6020  - [39m31/03/2026 13:58:39 [32m    LOG[39m [38;5;3m[RouterExplorer] [39m[32mMapped {/admin/referentials/ci-types, POST} route[39m[38;5;3m +2ms[39m
[32m[Nest] 6020  - [39m31/03/2026 13:58:39 [32m    LOG[39m [38;5;3m[RouterExplorer] [39m[32mMapped {/admin/referentials/ci-types/:id, PATCH} route[39m[38;5;3m +3ms[39m
[32m[Nest] 6020  - [39m31/03/2026 13:58:39 [32m    LOG[39m [38;5;3m[RouterExplorer] [39m[32mMapped {/admin/referentials/ci-types/:id, DELETE} route[39m[38;5;3m +2ms[39m
[32m[Nest] 6020  - [39m31/03/2026 13:58:39 [32m    LOG[39m [38;5;3m[RouterExplorer] [39m[32mMapped {/admin/referentials/groups, POST} route[39m[38;5;3m +2ms[39m
[32m[Nest] 6020  - [39m31/03/2026 13:58:39 [32m    LOG[39m [38;5;3m[RouterExplorer] [39m[32mMapped {/admin/referentials/groups/:id, PATCH} route[39m[38;5;3m +2ms[39m
[32m[Nest] 6020  - [39m31/03/2026 13:58:39 [32m    LOG[39m [38;5;3m[RouterExplorer] [39m[32mMapped {/admin/referentials/groups/:id, DELETE} route[39m[38;5;3m +2ms[39m
[32m[Nest] 6020  - [39m31/03/2026 13:58:39 [32m    LOG[39m [38;5;3m[RouterExplorer] [39m[32mMapped {/admin/referentials/priorities, POST} route[39m[38;5;3m +1ms[39m
[32m[Nest] 6020  - [39m31/03/2026 13:58:39 [32m    LOG[39m [38;5;3m[RouterExplorer] [39m[32mMapped {/admin/referentials/priorities/:id, PATCH} route[39m[38;5;3m +1ms[39m
[32m[Nest] 6020  - [39m31/03/2026 13:58:39 [32m    LOG[39m [38;5;3m[RouterExplorer] [39m[32mMapped {/admin/referentials/priorities/:id, DELETE} route[39m[38;5;3m +1ms[39m
[32m[Nest] 6020  - [39m31/03/2026 13:58:39 [32m    LOG[39m [38;5;3m[RouterExplorer] [39m[32mMapped {/admin/referentials/services, POST} route[39m[38;5;3m +1ms[39m
[32m[Nest] 6020  - [39m31/03/2026 13:58:39 [32m    LOG[39m [38;5;3m[RouterExplorer] [39m[32mMapped {/admin/referentials/services/:id, PATCH} route[39m[38;5;3m +1ms[39m
[32m[Nest] 6020  - [39m31/03/2026 13:58:39 [32m    LOG[39m [38;5;3m[RouterExplorer] [39m[32mMapped {/admin/referentials/services/:id, DELETE} route[39m[38;5;3m +2ms[39m
[32m[Nest] 6020  - [39m31/03/2026 13:58:39 [32m    LOG[39m [38;5;3m[RouterExplorer] [39m[32mMapped {/admin/referentials/cis, POST} route[39m[38;5;3m +1ms[39m
[32m[Nest] 6020  - [39m31/03/2026 13:58:39 [32m    LOG[39m [38;5;3m[RouterExplorer] [39m[32mMapped {/admin/referentials/cis/:id, PATCH} route[39m[38;5;3m +1ms[39m
[32m[Nest] 6020  - [39m31/03/2026 13:58:39 [32m    LOG[39m [38;5;3m[RouterExplorer] [39m[32mMapped {/admin/referentials/cis/:id, DELETE} route[39m[38;5;3m +1ms[39m
[32m[Nest] 6020  - [39m31/03/2026 13:58:39 [32m    LOG[39m [38;5;3m[NestApplication] [39m[32mNest application successfully started[39m[38;5;3m +3ms[39m
